// Jest Snapshot v1, https://goo.gl/fbAQLP

exports[` 1`] = `
<main>
  <div
    className="leftContainer"
  />
  <div
    className="rightContainer"
  />
  <div
    className="wrapper"
  >
    <div
      className="logo"
    >
      <img
        alt="lettercounter"
        className="logoD"
        src="logo.png"
      />
      <img
        alt="lettercounter"
        className="logoM"
        src="logoWhite.png"
      />
    </div>
    <div
      className="textarea"
    >
      <textarea
        onChange={[Function]}
        onDoubleClick={[Function]}
        value=""
      />
      <button
        onClick={[Function]}
      >
        <img
          alt="clear"
          src="bin.svg"
        />
      </button>
      <button
        onClick={[Function]}
      >
        copy
      </button>
    </div>
    <div
      className="letters"
    >
      <h2>
        Letters: 
      </h2>
      <p>
        0
      </p>
    </div>
    <div
      className="words"
    >
      <h2>
        Words: 
      </h2>
      <p>
        0
      </p>
    </div>
    <div
      className="presets"
    >
      <h2>
        Presets
      </h2>
      <button
        onClick={[Function]}
      >
        16
      </button>
      <button
        onClick={[Function]}
      >
        24
      </button>
      <button
        onClick={[Function]}
      >
        32
      </button>
      <button
        onClick={[Function]}
      >
        48
      </button>
      <button
        onClick={[Function]}
      >
        64
      </button>
      <button
        onClick={[Function]}
      >
        95
      </button>
      <button
        onClick={[Function]}
      >
        128
      </button>
      <button
        onClick={[Function]}
      >
        192
      </button>
      <button
        onClick={[Function]}
      >
        256
      </button>
      <button
        onClick={[Function]}
      >
        512
      </button>
    </div>
    <div
      className="about"
    >
      <h1
        className="title"
      >
        Letter Counter
      </h1>
      <p
        className="aboutText"
      >
        Developed by Dargains, Foan82 & Vila√ßa just to make your day better
      </p>
    </div>
  </div>
</main>
`;
